// Jest Snapshot v1, https://goo.gl/fbAQLP

exports[`sample test cases should equal 1`] = `
<div
  className="container"
>
  <div
    className="jumbotron"
  >
    <h3>
      Chat Application
    </h3>
  </div>
  <div
    className="container"
  >
    <h2
      style={
        Object {
          "color": "blue",
          "fontStyle": "italic",
          "textAlign": "center",
        }
      }
    >
      Login Form
    </h2>
    <form
      onSubmit={[Function]}
    >
      <div
        className="form-group"
      >
        <label
          htmlFor="username"
        >
          Username
        </label>
        <input
          className="form-control"
          id="username"
          required={true}
          type="text"
        />
      </div>
      <div
        className="form-group"
      >
        <label
          htmlFor="password"
        >
          Password
        </label>
        <input
          className="form-control"
          id="password"
          required={true}
          type="password"
        />
      </div>
      <button
        className="btn-primary"
        type="submit"
      >
        Login
      </button>
    </form>
    <br />
     
    <br />
    <h5>
      Don't have an account? 
      <a
        href="/register"
        onClick={[Function]}
      >
        Register
      </a>
       
    </h5>
  </div>
</div>
`;
